cc -Wall -Wextra -Werror -std=c11 -O2 bin2c.c -o bin2c 
cc gbafix.c -o gbafix 
cc -Wall -Wextra -Werror -Wno-sign-compare -std=c11 -O3 -flto -DPNG_SKIP_SETJMP_CHECK -I/usr/include/libpng16  main.c convert_png.c gfx.c jasc_pal.c lz.c rl.c util.c font.c huff.c -o gbagfx  -lpng -lz
g++ -Wall -std=c++17 -O2 -I . jsonproc.cpp -o jsonproc 
g++ -Wall -std=c++11 -O2 json11.cpp mapjson.cpp -o mapjson 
g++ -std=c++11 -O2 -Wall -Wno-switch -Werror agb.cpp error.cpp main.cpp midi.cpp tables.cpp -o mid2agb 
g++ -std=c++11 -O2 -Wall -Wno-switch -Werror asm_file.cpp c_file.cpp charmap.cpp preproc.cpp string_parser.cpp utf8.cpp io.cpp -o preproc 
g++ -std=c++11 -O2 -Wall -Wno-switch -Werror main.cpp sym_file.cpp elf.cpp -o ramscrgen 
cc -Wall -Wextra -Werror -std=c11 -O2 -DPNG_SKIP_SETJMP_CHECK -I/usr/include/libpng16  main.c convert_png.c util.c font.c -o rsfont  -lpng -lz
g++ -Wall -Werror -std=c++11 -O2 scaninc.cpp c_file.cpp asm_file.cpp source_file.cpp -o scaninc 
g++ -Wall -Werror -std=c++17 -O2 converter.cpp wav2agb.cpp wav_file.cpp -o wav2agb 
tools/mapjson/mapjson groups firered data/maps/map_groups.json data/maps include/constants
tools/mapjson/mapjson layouts firered data/layouts/layouts.json data/layouts include/constants
tools/mapjson/mapjson event_constants firered <MAP_JSONS> include/constants/map_event_ids.h
tools/jsonproc/jsonproc src/data/wild_encounters.json src/data/wild_encounters.json.txt src/data/wild_encounters.h
tools/jsonproc/jsonproc src/data/region_map/region_map_sections.json src/data/region_map/region_map_sections.entries.json.txt src/data/region_map/region_map_entries.h
tools/jsonproc/jsonproc src/data/region_map/region_map_sections.json src/data/region_map/region_map_sections.strings.json.txt src/data/region_map/region_map_entry_strings.h
tools/jsonproc/jsonproc src/data/region_map/region_map_sections.json src/data/region_map/region_map_sections.constants.json.txt include/constants/region_map_sections.h
tools/jsonproc/jsonproc src/data/items.json src/data/items.json.txt src/data/items.h
tools/jsonproc/jsonproc src/data/heal_locations.json src/data/heal_locations.json.txt src/data/heal_locations.h
tools/jsonproc/jsonproc src/data/heal_locations.json src/data/heal_locations.constants.json.txt include/constants/heal_locations.h
tools/scaninc/scaninc -M build/firered/data/sound_data.d -I include -I "" data/sound_data.s
tools/scaninc/scaninc -M build/firered/data/mystery_event_script_cmd_table.d -I include -I "" data/mystery_event_script_cmd_table.s
tools/scaninc/scaninc -M build/firered/data/mystery_event_msg.d -I include -I "" data/mystery_event_msg.s
tools/scaninc/scaninc -M build/firered/data/multiboot_pokemon_colosseum.d -I include -I "" data/multiboot_pokemon_colosseum.s
tools/scaninc/scaninc -M build/firered/data/multiboot_ereader.d -I include -I "" data/multiboot_ereader.s
tools/scaninc/scaninc -M build/firered/data/multiboot_berry_glitch_fix.d -I include -I "" data/multiboot_berry_glitch_fix.s
tools/scaninc/scaninc -M build/firered/data/field_effect_scripts.d -I include -I "" data/field_effect_scripts.s
tools/scaninc/scaninc -M build/firered/data/event_scripts.d -I include -I "" data/event_scripts.s
tools/scaninc/scaninc -M build/firered/data/battle_scripts_2.d -I include -I "" data/battle_scripts_2.s
tools/scaninc/scaninc -M build/firered/data/battle_scripts_1.d -I include -I "" data/battle_scripts_1.s
tools/scaninc/scaninc -M build/firered/data/battle_anim_scripts.d -I include -I "" data/battle_anim_scripts.s
tools/scaninc/scaninc -M build/firered/data/battle_ai_scripts.d -I include -I "" data/battle_ai_scripts.s
tools/scaninc/scaninc -M build/firered/src/rom_header.d -I include -I "" src/rom_header.s
tools/scaninc/scaninc -M build/firered/src/m4a_1.d -I include -I "" src/m4a_1.s
tools/scaninc/scaninc -M build/firered/src/libgcnmultiboot.d -I include -I "" src/libgcnmultiboot.s
tools/scaninc/scaninc -M build/firered/src/libagbsyscall.d -I include -I "" src/libagbsyscall.s
tools/scaninc/scaninc -M build/firered/src/crt0.d -I include -I "" src/crt0.s
tools/scaninc/scaninc -M build/firered/src/wonder_news.d -I include -I tools/agbcc/include src/wonder_news.c
tools/scaninc/scaninc -M build/firered/src/wireless_communication_status_screen.d -I include -I tools/agbcc/include src/wireless_communication_status_screen.c
tools/scaninc/scaninc -M build/firered/src/window.d -I include -I tools/agbcc/include src/window.c
tools/scaninc/scaninc -M build/firered/src/window_8bpp.d -I include -I tools/agbcc/include src/window_8bpp.c
tools/scaninc/scaninc -M build/firered/src/wild_pokemon_area.d -I include -I tools/agbcc/include src/wild_pokemon_area.c
tools/scaninc/scaninc -M build/firered/src/wild_encounter.d -I include -I tools/agbcc/include src/wild_encounter.c
tools/scaninc/scaninc -M build/firered/src/vs_seeker.d -I include -I tools/agbcc/include src/vs_seeker.c
tools/scaninc/scaninc -M build/firered/src/util.d -I include -I tools/agbcc/include src/util.c
tools/scaninc/scaninc -M build/firered/src/union_room_player_avatar.d -I include -I tools/agbcc/include src/union_room_player_avatar.c
tools/scaninc/scaninc -M build/firered/src/union_room_message.d -I include -I tools/agbcc/include src/union_room_message.c
tools/scaninc/scaninc -M build/firered/src/union_room_chat_objects.d -I include -I tools/agbcc/include src/union_room_chat_objects.c
tools/scaninc/scaninc -M build/firered/src/union_room_chat_display.d -I include -I tools/agbcc/include src/union_room_chat_display.c
tools/scaninc/scaninc -M build/firered/src/union_room_chat.d -I include -I tools/agbcc/include src/union_room_chat.c
tools/scaninc/scaninc -M build/firered/src/union_room.d -I include -I tools/agbcc/include src/union_room.c
tools/scaninc/scaninc -M build/firered/src/union_room_battle.d -I include -I tools/agbcc/include src/union_room_battle.c
tools/scaninc/scaninc -M build/firered/src/trig.d -I include -I tools/agbcc/include src/trig.c
tools/scaninc/scaninc -M build/firered/src/trainer_tower_sets.d -I include -I tools/agbcc/include src/trainer_tower_sets.c
tools/scaninc/scaninc -M build/firered/src/trainer_tower.d -I include -I tools/agbcc/include src/trainer_tower.c
tools/scaninc/scaninc -M build/firered/src/trainer_see.d -I include -I tools/agbcc/include src/trainer_see.c
tools/scaninc/scaninc -M build/firered/src/trainer_pokemon_sprites.d -I include -I tools/agbcc/include src/trainer_pokemon_sprites.c
tools/scaninc/scaninc -M build/firered/src/trainer_fan_club.d -I include -I tools/agbcc/include src/trainer_fan_club.c
tools/scaninc/scaninc -M build/firered/src/trainer_card.d -I include -I tools/agbcc/include src/trainer_card.c
tools/scaninc/scaninc -M build/firered/src/trade_scene.d -I include -I tools/agbcc/include src/trade_scene.c
tools/scaninc/scaninc -M build/firered/src/trade.d -I include -I tools/agbcc/include src/trade.c
tools/scaninc/scaninc -M build/firered/src/tm_case.d -I include -I tools/agbcc/include src/tm_case.c
tools/scaninc/scaninc -M build/firered/src/title_screen.d -I include -I tools/agbcc/include src/title_screen.c
tools/scaninc/scaninc -M build/firered/src/tilesets.d -I include -I tools/agbcc/include src/tilesets.c
tools/scaninc/scaninc -M build/firered/src/tileset_anims.d -I include -I tools/agbcc/include src/tileset_anims.c
tools/scaninc/scaninc -M build/firered/src/tilemap_util.d -I include -I tools/agbcc/include src/tilemap_util.c
tools/scaninc/scaninc -M build/firered/src/text_window_graphics.d -I include -I tools/agbcc/include src/text_window_graphics.c
tools/scaninc/scaninc -M build/firered/src/text_window.d -I include -I tools/agbcc/include src/text_window.c
tools/scaninc/scaninc -M build/firered/src/text_printer.d -I include -I tools/agbcc/include src/text_printer.c
tools/scaninc/scaninc -M build/firered/src/text.d -I include -I tools/agbcc/include src/text.c
tools/scaninc/scaninc -M build/firered/src/teachy_tv.d -I include -I tools/agbcc/include src/teachy_tv.c
tools/scaninc/scaninc -M build/firered/src/task.d -I include -I tools/agbcc/include src/task.c
tools/scaninc/scaninc -M build/firered/src/string_util.d -I include -I tools/agbcc/include src/string_util.c
tools/scaninc/scaninc -M build/firered/src/strings.d -I include -I tools/agbcc/include src/strings.c
tools/scaninc/scaninc -M build/firered/src/start_menu.d -I include -I tools/agbcc/include src/start_menu.c
tools/scaninc/scaninc -M build/firered/src/ss_anne.d -I include -I tools/agbcc/include src/ss_anne.c
tools/scaninc/scaninc -M build/firered/src/sprite.d -I include -I tools/agbcc/include src/sprite.c
tools/scaninc/scaninc -M build/firered/src/special_field_anim.d -I include -I tools/agbcc/include src/special_field_anim.c
tools/scaninc/scaninc -M build/firered/src/sound.d -I include -I tools/agbcc/include src/sound.c
tools/scaninc/scaninc -M build/firered/src/slot_machine.d -I include -I tools/agbcc/include src/slot_machine.c
tools/scaninc/scaninc -M build/firered/src/sloopsvc.d -I include -I tools/agbcc/include src/sloopsvc.c
tools/scaninc/scaninc -M build/firered/src/shop.d -I include -I tools/agbcc/include src/shop.c
tools/scaninc/scaninc -M build/firered/src/seagallop.d -I include -I tools/agbcc/include src/seagallop.c
tools/scaninc/scaninc -M build/firered/src/script_pokemon_util.d -I include -I tools/agbcc/include src/script_pokemon_util.c
tools/scaninc/scaninc -M build/firered/src/script_movement.d -I include -I tools/agbcc/include src/script_movement.c
tools/scaninc/scaninc -M build/firered/src/script_menu.d -I include -I tools/agbcc/include src/script_menu.c
tools/scaninc/scaninc -M build/firered/src/script.d -I include -I tools/agbcc/include src/script.c
tools/scaninc/scaninc -M build/firered/src/scrcmd.d -I include -I tools/agbcc/include src/scrcmd.c
tools/scaninc/scaninc -M build/firered/src/scanline_effect.d -I include -I tools/agbcc/include src/scanline_effect.c
tools/scaninc/scaninc -M build/firered/src/save_menu_util.d -I include -I tools/agbcc/include src/save_menu_util.c
tools/scaninc/scaninc -M build/firered/src/save_location.d -I include -I tools/agbcc/include src/save_location.c
tools/scaninc/scaninc -M build/firered/src/save_failed_screen.d -I include -I tools/agbcc/include src/save_failed_screen.c
tools/scaninc/scaninc -M build/firered/src/save.d -I include -I tools/agbcc/include src/save.c
tools/scaninc/scaninc -M build/firered/src/safari_zone.d -I include -I tools/agbcc/include src/safari_zone.c
tools/scaninc/scaninc -M build/firered/src/rom_header_gf.d -I include -I tools/agbcc/include src/rom_header_gf.c
tools/scaninc/scaninc -M build/firered/src/roamer.d -I include -I tools/agbcc/include src/roamer.c
tools/scaninc/scaninc -M build/firered/src/reshow_battle_screen.d -I include -I tools/agbcc/include src/reshow_battle_screen.c
tools/scaninc/scaninc -M build/firered/src/reset_save_heap.d -I include -I tools/agbcc/include src/reset_save_heap.c
tools/scaninc/scaninc -M build/firered/src/renewable_hidden_items.d -I include -I tools/agbcc/include src/renewable_hidden_items.c
tools/scaninc/scaninc -M build/firered/src/region_map.d -I include -I tools/agbcc/include src/region_map.c
tools/scaninc/scaninc -M build/firered/src/random.d -I include -I tools/agbcc/include src/random.c
tools/scaninc/scaninc -M build/firered/src/quest_log_player.d -I include -I tools/agbcc/include src/quest_log_player.c
tools/scaninc/scaninc -M build/firered/src/quest_log_objects.d -I include -I tools/agbcc/include src/quest_log_objects.c
tools/scaninc/scaninc -M build/firered/src/quest_log_events.d -I include -I tools/agbcc/include src/quest_log_events.c
tools/scaninc/scaninc -M build/firered/src/quest_log.d -I include -I tools/agbcc/include src/quest_log.c
tools/scaninc/scaninc -M build/firered/src/quest_log_battle.d -I include -I tools/agbcc/include src/quest_log_battle.c
tools/scaninc/scaninc -M build/firered/src/prof_pc.d -I include -I tools/agbcc/include src/prof_pc.c
tools/scaninc/scaninc -M build/firered/src/post_battle_event_funcs.d -I include -I tools/agbcc/include src/post_battle_event_funcs.c
tools/scaninc/scaninc -M build/firered/src/pokemon_summary_screen.d -I include -I tools/agbcc/include src/pokemon_summary_screen.c
tools/scaninc/scaninc -M build/firered/src/pokemon_storage_system_tasks.d -I include -I tools/agbcc/include src/pokemon_storage_system_tasks.c
tools/scaninc/scaninc -M build/firered/src/pokemon_storage_system_misc.d -I include -I tools/agbcc/include src/pokemon_storage_system_misc.c
tools/scaninc/scaninc -M build/firered/src/pokemon_storage_system_menu.d -I include -I tools/agbcc/include src/pokemon_storage_system_menu.c
tools/scaninc/scaninc -M build/firered/src/pokemon_storage_system_graphics.d -I include -I tools/agbcc/include src/pokemon_storage_system_graphics.c
tools/scaninc/scaninc -M build/firered/src/pokemon_storage_system_data.d -I include -I tools/agbcc/include src/pokemon_storage_system_data.c
tools/scaninc/scaninc -M build/firered/src/pokemon_storage_system.d -I include -I tools/agbcc/include src/pokemon_storage_system.c
tools/scaninc/scaninc -M build/firered/src/pokemon_special_anim_scene.d -I include -I tools/agbcc/include src/pokemon_special_anim_scene.c
tools/scaninc/scaninc -M build/firered/src/pokemon_special_anim.d -I include -I tools/agbcc/include src/pokemon_special_anim.c
tools/scaninc/scaninc -M build/firered/src/pokemon_size_record.d -I include -I tools/agbcc/include src/pokemon_size_record.c
tools/scaninc/scaninc -M build/firered/src/pokemon_jump.d -I include -I tools/agbcc/include src/pokemon_jump.c
tools/scaninc/scaninc -M build/firered/src/pokemon_icon.d -I include -I tools/agbcc/include src/pokemon_icon.c
tools/scaninc/scaninc -M build/firered/src/pokemon.d -I include -I tools/agbcc/include src/pokemon.c
tools/scaninc/scaninc -M build/firered/src/pokedex_screen.d -I include -I tools/agbcc/include src/pokedex_screen.c
tools/scaninc/scaninc -M build/firered/src/pokedex.d -I include -I tools/agbcc/include src/pokedex.c
tools/scaninc/scaninc -M build/firered/src/pokedex_area_markers.d -I include -I tools/agbcc/include src/pokedex_area_markers.c
tools/scaninc/scaninc -M build/firered/src/pokeball.d -I include -I tools/agbcc/include src/pokeball.c
tools/scaninc/scaninc -M build/firered/src/play_time.d -I include -I tools/agbcc/include src/play_time.c
tools/scaninc/scaninc -M build/firered/src/player_pc.d -I include -I tools/agbcc/include src/player_pc.c
tools/scaninc/scaninc -M build/firered/src/pc_screen_effect.d -I include -I tools/agbcc/include src/pc_screen_effect.c
tools/scaninc/scaninc -M build/firered/src/party_menu_specials.d -I include -I tools/agbcc/include src/party_menu_specials.c
tools/scaninc/scaninc -M build/firered/src/party_menu.d -I include -I tools/agbcc/include src/party_menu.c
tools/scaninc/scaninc -M build/firered/src/palette_util.d -I include -I tools/agbcc/include src/palette_util.c
tools/scaninc/scaninc -M build/firered/src/palette.d -I include -I tools/agbcc/include src/palette.c
tools/scaninc/scaninc -M build/firered/src/overworld.d -I include -I tools/agbcc/include src/overworld.c
tools/scaninc/scaninc -M build/firered/src/option_menu.d -I include -I tools/agbcc/include src/option_menu.c
tools/scaninc/scaninc -M build/firered/src/oak_speech.d -I include -I tools/agbcc/include src/oak_speech.c
tools/scaninc/scaninc -M build/firered/src/new_menu_helpers.d -I include -I tools/agbcc/include src/new_menu_helpers.c
tools/scaninc/scaninc -M build/firered/src/new_game.d -I include -I tools/agbcc/include src/new_game.c
tools/scaninc/scaninc -M build/firered/src/naming_screen.d -I include -I tools/agbcc/include src/naming_screen.c
tools/scaninc/scaninc -M build/firered/src/mystery_gift_show_news.d -I include -I tools/agbcc/include src/mystery_gift_show_news.c
tools/scaninc/scaninc -M build/firered/src/mystery_gift_show_card.d -I include -I tools/agbcc/include src/mystery_gift_show_card.c
tools/scaninc/scaninc -M build/firered/src/mystery_gift_server.d -I include -I tools/agbcc/include src/mystery_gift_server.c
tools/scaninc/scaninc -M build/firered/src/mystery_gift_scripts.d -I include -I tools/agbcc/include src/mystery_gift_scripts.c
tools/scaninc/scaninc -M build/firered/src/mystery_gift_menu.d -I include -I tools/agbcc/include src/mystery_gift_menu.c
tools/scaninc/scaninc -M build/firered/src/mystery_gift_link.d -I include -I tools/agbcc/include src/mystery_gift_link.c
tools/scaninc/scaninc -M build/firered/src/mystery_gift_client.d -I include -I tools/agbcc/include src/mystery_gift_client.c
tools/scaninc/scaninc -M build/firered/src/mystery_gift.d -I include -I tools/agbcc/include src/mystery_gift.c
tools/scaninc/scaninc -M build/firered/src/mystery_event_script.d -I include -I tools/agbcc/include src/mystery_event_script.c
tools/scaninc/scaninc -M build/firered/src/mystery_event_msg.d -I include -I tools/agbcc/include src/mystery_event_msg.c
tools/scaninc/scaninc -M build/firered/src/multiboot.d -I include -I tools/agbcc/include src/multiboot.c
tools/scaninc/scaninc -M build/firered/src/move_descriptions.d -I include -I tools/agbcc/include src/move_descriptions.c
tools/scaninc/scaninc -M build/firered/src/mon_markings.d -I include -I tools/agbcc/include src/mon_markings.c
tools/scaninc/scaninc -M build/firered/src/money.d -I include -I tools/agbcc/include src/money.c
tools/scaninc/scaninc -M build/firered/src/mini_printf.d -I include -I tools/agbcc/include src/mini_printf.c
tools/scaninc/scaninc -M build/firered/src/minigame_countdown.d -I include -I tools/agbcc/include src/minigame_countdown.c
tools/scaninc/scaninc -M build/firered/src/metatile_behavior.d -I include -I tools/agbcc/include src/metatile_behavior.c
tools/scaninc/scaninc -M build/firered/src/menu_indicators.d -I include -I tools/agbcc/include src/menu_indicators.c
tools/scaninc/scaninc -M build/firered/src/menu_helpers.d -I include -I tools/agbcc/include src/menu_helpers.c
tools/scaninc/scaninc -M build/firered/src/menu.d -I include -I tools/agbcc/include src/menu.c
tools/scaninc/scaninc -M build/firered/src/menu2.d -I include -I tools/agbcc/include src/menu2.c
tools/scaninc/scaninc -M build/firered/src/math_util.d -I include -I tools/agbcc/include src/math_util.c
tools/scaninc/scaninc -M build/firered/src/map_preview_screen.d -I include -I tools/agbcc/include src/map_preview_screen.c
tools/scaninc/scaninc -M build/firered/src/map_name_popup.d -I include -I tools/agbcc/include src/map_name_popup.c
tools/scaninc/scaninc -M build/firered/src/malloc.d -I include -I tools/agbcc/include src/malloc.c
tools/scaninc/scaninc -M build/firered/src/main_menu.d -I include -I tools/agbcc/include src/main_menu.c
tools/scaninc/scaninc -M build/firered/src/main.d -I include -I tools/agbcc/include src/main.c
tools/scaninc/scaninc -M build/firered/src/mail_data.d -I include -I tools/agbcc/include src/mail_data.c
tools/scaninc/scaninc -M build/firered/src/mail.d -I include -I tools/agbcc/include src/mail.c
tools/scaninc/scaninc -M build/firered/src/mailbox_pc.d -I include -I tools/agbcc/include src/mailbox_pc.c
tools/scaninc/scaninc -M build/firered/src/m4a_tables.d -I include -I tools/agbcc/include src/m4a_tables.c
tools/scaninc/scaninc -M build/firered/src/m4a.d -I include -I tools/agbcc/include src/m4a.c
tools/scaninc/scaninc -M build/firered/src/load_save.d -I include -I tools/agbcc/include src/load_save.c
tools/scaninc/scaninc -M build/firered/src/list_menu.d -I include -I tools/agbcc/include src/list_menu.c
tools/scaninc/scaninc -M build/firered/src/link_rfu_3.d -I include -I tools/agbcc/include src/link_rfu_3.c
tools/scaninc/scaninc -M build/firered/src/link_rfu_2.d -I include -I tools/agbcc/include src/link_rfu_2.c
tools/scaninc/scaninc -M build/firered/src/link.d -I include -I tools/agbcc/include src/link.c
tools/scaninc/scaninc -M build/firered/src/librfu_stwi.d -I include -I tools/agbcc/include src/librfu_stwi.c
tools/scaninc/scaninc -M build/firered/src/librfu_sio32id.d -I include -I tools/agbcc/include src/librfu_sio32id.c
tools/scaninc/scaninc -M build/firered/src/librfu_rfu.d -I include -I tools/agbcc/include src/librfu_rfu.c
tools/scaninc/scaninc -M build/firered/src/librfu_intr.d -I include -I tools/agbcc/include src/librfu_intr.c
tools/scaninc/scaninc -M build/firered/src/learn_move.d -I include -I tools/agbcc/include src/learn_move.c
tools/scaninc/scaninc -M build/firered/src/keyboard_text.d -I include -I tools/agbcc/include src/keyboard_text.c
tools/scaninc/scaninc -M build/firered/src/item_use.d -I include -I tools/agbcc/include src/item_use.c
tools/scaninc/scaninc -M build/firered/src/item_pc.d -I include -I tools/agbcc/include src/item_pc.c
tools/scaninc/scaninc -M build/firered/src/item_menu_icons.d -I include -I tools/agbcc/include src/item_menu_icons.c
tools/scaninc/scaninc -M build/firered/src/item_menu.d -I include -I tools/agbcc/include src/item_menu.c
tools/scaninc/scaninc -M build/firered/src/itemfinder.d -I include -I tools/agbcc/include src/itemfinder.c
tools/scaninc/scaninc -M build/firered/src/item.d -I include -I tools/agbcc/include src/item.c
tools/scaninc/scaninc -M build/firered/src/isagbprn.d -I include -I tools/agbcc/include src/isagbprn.c
tools/scaninc/scaninc -M build/firered/src/intro.d -I include -I tools/agbcc/include src/intro.c
tools/scaninc/scaninc -M build/firered/src/image_processing_effects.d -I include -I tools/agbcc/include src/image_processing_effects.c
tools/scaninc/scaninc -M build/firered/src/hof_pc.d -I include -I tools/agbcc/include src/hof_pc.c
tools/scaninc/scaninc -M build/firered/src/help_system_util.d -I include -I tools/agbcc/include src/help_system_util.c
tools/scaninc/scaninc -M build/firered/src/help_system.d -I include -I tools/agbcc/include src/help_system.c
tools/scaninc/scaninc -M build/firered/src/help_message.d -I include -I tools/agbcc/include src/help_message.c
tools/scaninc/scaninc -M build/firered/src/heal_location.d -I include -I tools/agbcc/include src/heal_location.c
tools/scaninc/scaninc -M build/firered/src/hall_of_fame.d -I include -I tools/agbcc/include src/hall_of_fame.c
tools/scaninc/scaninc -M build/firered/src/graphics.d -I include -I tools/agbcc/include src/graphics.c
tools/scaninc/scaninc -M build/firered/src/gpu_regs.d -I include -I tools/agbcc/include src/gpu_regs.c
tools/scaninc/scaninc -M build/firered/src/fldeff_teleport.d -I include -I tools/agbcc/include src/fldeff_teleport.c
tools/scaninc/scaninc -M build/firered/src/fldeff_sweetscent.d -I include -I tools/agbcc/include src/fldeff_sweetscent.c
tools/scaninc/scaninc -M build/firered/src/fldeff_strength.d -I include -I tools/agbcc/include src/fldeff_strength.c
tools/scaninc/scaninc -M build/firered/src/fldeff_softboiled.d -I include -I tools/agbcc/include src/fldeff_softboiled.c
tools/scaninc/scaninc -M build/firered/src/fldeff_rocksmash.d -I include -I tools/agbcc/include src/fldeff_rocksmash.c
tools/scaninc/scaninc -M build/firered/src/fldeff_poison.d -I include -I tools/agbcc/include src/fldeff_poison.c
tools/scaninc/scaninc -M build/firered/src/fldeff_flash.d -I include -I tools/agbcc/include src/fldeff_flash.c
tools/scaninc/scaninc -M build/firered/src/fldeff_dig.d -I include -I tools/agbcc/include src/fldeff_dig.c
tools/scaninc/scaninc -M build/firered/src/fldeff_cut.d -I include -I tools/agbcc/include src/fldeff_cut.c
tools/scaninc/scaninc -M build/firered/src/fldeff_berrytree.d -I include -I tools/agbcc/include src/fldeff_berrytree.c
tools/scaninc/scaninc -M build/firered/src/field_weather_util.d -I include -I tools/agbcc/include src/field_weather_util.c
tools/scaninc/scaninc -M build/firered/src/field_weather_effects.d -I include -I tools/agbcc/include src/field_weather_effects.c
tools/scaninc/scaninc -M build/firered/src/field_weather.d -I include -I tools/agbcc/include src/field_weather.c
tools/scaninc/scaninc -M build/firered/src/field_tasks.d -I include -I tools/agbcc/include src/field_tasks.c
tools/scaninc/scaninc -M build/firered/src/field_special_scene.d -I include -I tools/agbcc/include src/field_special_scene.c
tools/scaninc/scaninc -M build/firered/src/field_specials.d -I include -I tools/agbcc/include src/field_specials.c
tools/scaninc/scaninc -M build/firered/src/field_screen_effect.d -I include -I tools/agbcc/include src/field_screen_effect.c
tools/scaninc/scaninc -M build/firered/src/field_poison.d -I include -I tools/agbcc/include src/field_poison.c
tools/scaninc/scaninc -M build/firered/src/field_player_avatar.d -I include -I tools/agbcc/include src/field_player_avatar.c
tools/scaninc/scaninc -M build/firered/src/field_message_box.d -I include -I tools/agbcc/include src/field_message_box.c
tools/scaninc/scaninc -M build/firered/src/fieldmap.d -I include -I tools/agbcc/include src/fieldmap.c
tools/scaninc/scaninc -M build/firered/src/field_fadetransition.d -I include -I tools/agbcc/include src/field_fadetransition.c
tools/scaninc/scaninc -M build/firered/src/field_effect_helpers.d -I include -I tools/agbcc/include src/field_effect_helpers.c
tools/scaninc/scaninc -M build/firered/src/field_effect.d -I include -I tools/agbcc/include src/field_effect.c
tools/scaninc/scaninc -M build/firered/src/field_door.d -I include -I tools/agbcc/include src/field_door.c
tools/scaninc/scaninc -M build/firered/src/field_control_avatar.d -I include -I tools/agbcc/include src/field_control_avatar.c
tools/scaninc/scaninc -M build/firered/src/field_camera.d -I include -I tools/agbcc/include src/field_camera.c
tools/scaninc/scaninc -M build/firered/src/fame_checker.d -I include -I tools/agbcc/include src/fame_checker.c
tools/scaninc/scaninc -M build/firered/src/evolution_scene.d -I include -I tools/agbcc/include src/evolution_scene.c
tools/scaninc/scaninc -M build/firered/src/evolution_graphics.d -I include -I tools/agbcc/include src/evolution_graphics.c
tools/scaninc/scaninc -M build/firered/src/event_object_movement.d -I include -I tools/agbcc/include src/event_object_movement.c
tools/scaninc/scaninc -M build/firered/src/event_object_lock.d -I include -I tools/agbcc/include src/event_object_lock.c
tools/scaninc/scaninc -M build/firered/src/event_data.d -I include -I tools/agbcc/include src/event_data.c
tools/scaninc/scaninc -M build/firered/src/ereader_screen.d -I include -I tools/agbcc/include src/ereader_screen.c
tools/scaninc/scaninc -M build/firered/src/ereader_helpers.d -I include -I tools/agbcc/include src/ereader_helpers.c
tools/scaninc/scaninc -M build/firered/src/easy_chat.d -I include -I tools/agbcc/include src/easy_chat.c
tools/scaninc/scaninc -M build/firered/src/easy_chat_3.d -I include -I tools/agbcc/include src/easy_chat_3.c
tools/scaninc/scaninc -M build/firered/src/easy_chat_2.d -I include -I tools/agbcc/include src/easy_chat_2.c
tools/scaninc/scaninc -M build/firered/src/dynamic_placeholder_text_util.d -I include -I tools/agbcc/include src/dynamic_placeholder_text_util.c
tools/scaninc/scaninc -M build/firered/src/dodrio_berry_picking_comm.d -I include -I tools/agbcc/include src/dodrio_berry_picking_comm.c
tools/scaninc/scaninc -M build/firered/src/dodrio_berry_picking.d -I include -I tools/agbcc/include src/dodrio_berry_picking.c
tools/scaninc/scaninc -M build/firered/src/dma3_manager.d -I include -I tools/agbcc/include src/dma3_manager.c
tools/scaninc/scaninc -M build/firered/src/diploma.d -I include -I tools/agbcc/include src/diploma.c
tools/scaninc/scaninc -M build/firered/src/digit_obj_util.d -I include -I tools/agbcc/include src/digit_obj_util.c
tools/scaninc/scaninc -M build/firered/src/decoration.d -I include -I tools/agbcc/include src/decoration.c
tools/scaninc/scaninc -M build/firered/src/decompress.d -I include -I tools/agbcc/include src/decompress.c
tools/scaninc/scaninc -M build/firered/src/daycare.d -I include -I tools/agbcc/include src/daycare.c
tools/scaninc/scaninc -M build/firered/src/data.d -I include -I tools/agbcc/include src/data.c
tools/scaninc/scaninc -M build/firered/src/credits.d -I include -I tools/agbcc/include src/credits.c
tools/scaninc/scaninc -M build/firered/src/coord_event_weather.d -I include -I tools/agbcc/include src/coord_event_weather.c
tools/scaninc/scaninc -M build/firered/src/coins.d -I include -I tools/agbcc/include src/coins.c
tools/scaninc/scaninc -M build/firered/src/clear_save_data_screen.d -I include -I tools/agbcc/include src/clear_save_data_screen.c
tools/scaninc/scaninc -M build/firered/src/cereader_tool.d -I include -I tools/agbcc/include src/cereader_tool.c
tools/scaninc/scaninc -M build/firered/src/cable_club.d -I include -I tools/agbcc/include src/cable_club.c
tools/scaninc/scaninc -M build/firered/src/cable_car_util.d -I include -I tools/agbcc/include src/cable_car_util.c
tools/scaninc/scaninc -M build/firered/src/buy_menu_helpers.d -I include -I tools/agbcc/include src/buy_menu_helpers.c
tools/scaninc/scaninc -M build/firered/src/braille_text.d -I include -I tools/agbcc/include src/braille_text.c
tools/scaninc/scaninc -M build/firered/src/blit.d -I include -I tools/agbcc/include src/blit.c
tools/scaninc/scaninc -M build/firered/src/blend_palette.d -I include -I tools/agbcc/include src/blend_palette.c
tools/scaninc/scaninc -M build/firered/src/bike.d -I include -I tools/agbcc/include src/bike.c
tools/scaninc/scaninc -M build/firered/src/bg_regs.d -I include -I tools/agbcc/include src/bg_regs.c
tools/scaninc/scaninc -M build/firered/src/bg.d -I include -I tools/agbcc/include src/bg.c
tools/scaninc/scaninc -M build/firered/src/berry_powder.d -I include -I tools/agbcc/include src/berry_powder.c
tools/scaninc/scaninc -M build/firered/src/berry_pouch.d -I include -I tools/agbcc/include src/berry_pouch.c
tools/scaninc/scaninc -M build/firered/src/berry_fix_program.d -I include -I tools/agbcc/include src/berry_fix_program.c
tools/scaninc/scaninc -M build/firered/src/berry_crush.d -I include -I tools/agbcc/include src/berry_crush.c
tools/scaninc/scaninc -M build/firered/src/berry.d -I include -I tools/agbcc/include src/berry.c
tools/scaninc/scaninc -M build/firered/src/battle_util.d -I include -I tools/agbcc/include src/battle_util.c
tools/scaninc/scaninc -M build/firered/src/battle_util2.d -I include -I tools/agbcc/include src/battle_util2.c
tools/scaninc/scaninc -M build/firered/src/battle_transition.d -I include -I tools/agbcc/include src/battle_transition.c
tools/scaninc/scaninc -M build/firered/src/battle_tower.d -I include -I tools/agbcc/include src/battle_tower.c
tools/scaninc/scaninc -M build/firered/src/battle_setup.d -I include -I tools/agbcc/include src/battle_setup.c
tools/scaninc/scaninc -M build/firered/src/battle_script_commands.d -I include -I tools/agbcc/include src/battle_script_commands.c
tools/scaninc/scaninc -M build/firered/src/battle_records.d -I include -I tools/agbcc/include src/battle_records.c
tools/scaninc/scaninc -M build/firered/src/battle_message.d -I include -I tools/agbcc/include src/battle_message.c
tools/scaninc/scaninc -M build/firered/src/battle_main.d -I include -I tools/agbcc/include src/battle_main.c
tools/scaninc/scaninc -M build/firered/src/battle_intro.d -I include -I tools/agbcc/include src/battle_intro.c
tools/scaninc/scaninc -M build/firered/src/battle_interface.d -I include -I tools/agbcc/include src/battle_interface.c
tools/scaninc/scaninc -M build/firered/src/battle_gfx_sfx_util.d -I include -I tools/agbcc/include src/battle_gfx_sfx_util.c
tools/scaninc/scaninc -M build/firered/src/battle_controllers.d -I include -I tools/agbcc/include src/battle_controllers.c
tools/scaninc/scaninc -M build/firered/src/battle_controller_safari.d -I include -I tools/agbcc/include src/battle_controller_safari.c
tools/scaninc/scaninc -M build/firered/src/battle_controller_pokedude.d -I include -I tools/agbcc/include src/battle_controller_pokedude.c
tools/scaninc/scaninc -M build/firered/src/battle_controller_player.d -I include -I tools/agbcc/include src/battle_controller_player.c
tools/scaninc/scaninc -M build/firered/src/battle_controller_opponent.d -I include -I tools/agbcc/include src/battle_controller_opponent.c
tools/scaninc/scaninc -M build/firered/src/battle_controller_oak_old_man.d -I include -I tools/agbcc/include src/battle_controller_oak_old_man.c
tools/scaninc/scaninc -M build/firered/src/battle_controller_link_partner.d -I include -I tools/agbcc/include src/battle_controller_link_partner.c
tools/scaninc/scaninc -M build/firered/src/battle_controller_link_opponent.d -I include -I tools/agbcc/include src/battle_controller_link_opponent.c
tools/scaninc/scaninc -M build/firered/src/battle_bg.d -I include -I tools/agbcc/include src/battle_bg.c
tools/scaninc/scaninc -M build/firered/src/battle_anim_water.d -I include -I tools/agbcc/include src/battle_anim_water.c
tools/scaninc/scaninc -M build/firered/src/battle_anim_utility_funcs.d -I include -I tools/agbcc/include src/battle_anim_utility_funcs.c
tools/scaninc/scaninc -M build/firered/src/battle_anim_status_effects.d -I include -I tools/agbcc/include src/battle_anim_status_effects.c
tools/scaninc/scaninc -M build/firered/src/battle_anim_special.d -I include -I tools/agbcc/include src/battle_anim_special.c
tools/scaninc/scaninc -M build/firered/src/battle_anim_sound_tasks.d -I include -I tools/agbcc/include src/battle_anim_sound_tasks.c
tools/scaninc/scaninc -M build/firered/src/battle_anim_smokescreen.d -I include -I tools/agbcc/include src/battle_anim_smokescreen.c
tools/scaninc/scaninc -M build/firered/src/battle_anim_rock.d -I include -I tools/agbcc/include src/battle_anim_rock.c
tools/scaninc/scaninc -M build/firered/src/battle_anim_psychic.d -I include -I tools/agbcc/include src/battle_anim_psychic.c
tools/scaninc/scaninc -M build/firered/src/battle_anim_poison.d -I include -I tools/agbcc/include src/battle_anim_poison.c
tools/scaninc/scaninc -M build/firered/src/battle_anim_normal.d -I include -I tools/agbcc/include src/battle_anim_normal.c
tools/scaninc/scaninc -M build/firered/src/battle_anim_mons.d -I include -I tools/agbcc/include src/battle_anim_mons.c
tools/scaninc/scaninc -M build/firered/src/battle_anim_mon_movement.d -I include -I tools/agbcc/include src/battle_anim_mon_movement.c
tools/scaninc/scaninc -M build/firered/src/battle_anim_ice.d -I include -I tools/agbcc/include src/battle_anim_ice.c
tools/scaninc/scaninc -M build/firered/src/battle_anim_ground.d -I include -I tools/agbcc/include src/battle_anim_ground.c
tools/scaninc/scaninc -M build/firered/src/battle_anim_ghost.d -I include -I tools/agbcc/include src/battle_anim_ghost.c
tools/scaninc/scaninc -M build/firered/src/battle_anim_flying.d -I include -I tools/agbcc/include src/battle_anim_flying.c
tools/scaninc/scaninc -M build/firered/src/battle_anim_fire.d -I include -I tools/agbcc/include src/battle_anim_fire.c
tools/scaninc/scaninc -M build/firered/src/battle_anim_fight.d -I include -I tools/agbcc/include src/battle_anim_fight.c
tools/scaninc/scaninc -M build/firered/src/battle_anim_electric.d -I include -I tools/agbcc/include src/battle_anim_electric.c
tools/scaninc/scaninc -M build/firered/src/battle_anim_effects_3.d -I include -I tools/agbcc/include src/battle_anim_effects_3.c
tools/scaninc/scaninc -M build/firered/src/battle_anim_effects_2.d -I include -I tools/agbcc/include src/battle_anim_effects_2.c
tools/scaninc/scaninc -M build/firered/src/battle_anim_effects_1.d -I include -I tools/agbcc/include src/battle_anim_effects_1.c
tools/scaninc/scaninc -M build/firered/src/battle_anim_dragon.d -I include -I tools/agbcc/include src/battle_anim_dragon.c
tools/scaninc/scaninc -M build/firered/src/battle_anim_dark.d -I include -I tools/agbcc/include src/battle_anim_dark.c
tools/scaninc/scaninc -M build/firered/src/battle_anim.d -I include -I tools/agbcc/include src/battle_anim.c
tools/scaninc/scaninc -M build/firered/src/battle_anim_bug.d -I include -I tools/agbcc/include src/battle_anim_bug.c
tools/scaninc/scaninc -M build/firered/src/battle_ai_switch_items.d -I include -I tools/agbcc/include src/battle_ai_switch_items.c
tools/scaninc/scaninc -M build/firered/src/battle_ai_script_commands.d -I include -I tools/agbcc/include src/battle_ai_script_commands.c
tools/scaninc/scaninc -M build/firered/src/bag.d -I include -I tools/agbcc/include src/bag.c
tools/scaninc/scaninc -M build/firered/src/AgbRfu_LinkManager.d -I include -I tools/agbcc/include src/AgbRfu_LinkManager.c
tools/scaninc/scaninc -M build/firered/src/agb_flash_mx.d -I include -I tools/agbcc/include src/agb_flash_mx.c
tools/scaninc/scaninc -M build/firered/src/agb_flash_le.d -I include -I tools/agbcc/include src/agb_flash_le.c
tools/scaninc/scaninc -M build/firered/src/agb_flash.d -I include -I tools/agbcc/include src/agb_flash.c
tools/scaninc/scaninc -M build/firered/src/agb_flash_1m.d -I include -I tools/agbcc/include src/agb_flash_1m.c
tools/ramscrgen/ramscrgen .bss sym_bss.txt ENGLISH > build/firered/sym_bss.ld
tools/gbagfx/gbagfx graphics/item_menu/bag_window_pal.pal graphics/item_menu/bag_window_pal.gbapal
tools/agbcc/bin/agbcc <flags> -o build/firered/src/agb_flash.o src/agb_flash.c
tools/agbcc/bin/agbcc <flags> -o build/firered/src/agb_flash_le.o src/agb_flash_le.c
tools/agbcc/bin/agbcc <flags> -o build/firered/src/agb_flash_1m.o src/agb_flash_1m.c
tools/agbcc/bin/agbcc <flags> -o build/firered/src/AgbRfu_LinkManager.o src/AgbRfu_LinkManager.c
tools/agbcc/bin/agbcc <flags> -o build/firered/src/agb_flash_mx.o src/agb_flash_mx.c
tools/agbcc/bin/agbcc <flags> -o build/firered/src/battle_ai_script_commands.o src/battle_ai_script_commands.c
tools/agbcc/bin/agbcc <flags> -o build/firered/src/battle_ai_switch_items.o src/battle_ai_switch_items.c
tools/agbcc/bin/agbcc <flags> -o build/firered/src/battle_anim_bug.o src/battle_anim_bug.c
tools/agbcc/bin/agbcc <flags> -o build/firered/src/battle_anim.o src/battle_anim.c
tools/agbcc/bin/agbcc <flags> -o build/firered/src/battle_anim_dark.o src/battle_anim_dark.c
tools/agbcc/bin/agbcc <flags> -o build/firered/src/battle_anim_dragon.o src/battle_anim_dragon.c
tools/agbcc/bin/agbcc <flags> -o build/firered/src/battle_anim_effects_1.o src/battle_anim_effects_1.c
tools/agbcc/bin/agbcc <flags> -o build/firered/src/battle_anim_effects_2.o src/battle_anim_effects_2.c
tools/gbagfx/gbagfx graphics/battle_anims/unused/unknown.pal graphics/battle_anims/unused/unknown.gbapal
tools/agbcc/bin/agbcc <flags> -o build/firered/src/battle_anim_electric.o src/battle_anim_electric.c
tools/agbcc/bin/agbcc <flags> -o build/firered/src/battle_anim_fight.o src/battle_anim_fight.c
tools/gbagfx/gbagfx graphics/battle_anims/unused/flying.pal graphics/battle_anims/unused/flying.gbapal
tools/agbcc/bin/agbcc <flags> -o build/firered/src/battle_anim_fire.o src/battle_anim_fire.c
In file included from include/global.h:11,
                 from src/battle_ai_switch_items.c:1:
include/constants/pokedex.h:397:10: fatal error: ../../build/step5_national_dex.inc: No such file or directory
  397 | #include "../../build/step5_national_dex.inc"
      |          ^~~~~~~~~~~~~~~~~~~~~~~~~~~~~~~~~~~~
compilation terminated.
In file included from include/global.h:11,
                 from src/battle_anim_bug.c:1:
include/constants/pokedex.h:397:10: fatal error: ../../build/step5_national_dex.inc: No such file or directory
  397 | #include "../../build/step5_national_dex.inc"
      |          ^~~~~~~~~~~~~~~~~~~~~~~~~~~~~~~~~~~~
compilation terminated.
In file included from include/global.h:11,
                 from src/AgbRfu_LinkManager.c:1:
include/constants/pokedex.h:397:10: fatal error: ../../build/step5_national_dex.inc: No such file or directory
  397 | #include "../../build/step5_national_dex.inc"
      |          ^~~~~~~~~~~~~~~~~~~~~~~~~~~~~~~~~~~~
compilation terminated.
In file included from include/global.h:11,
                 from src/battle_ai_script_commands.c:1:
include/constants/pokedex.h:397:10: fatal error: ../../build/step5_national_dex.inc: No such file or directory
  397 | #include "../../build/step5_national_dex.inc"
      |          ^~~~~~~~~~~~~~~~~~~~~~~~~~~~~~~~~~~~
compilation terminated.
In file included from include/global.h:11,
                 from src/battle_ai_switch_items.c:1:
include/constants/pokedex.h:395: syntax error at end of input
In file included from include/global.h:11,
                 from src/battle_anim_dark.c:1:
include/constants/pokedex.h:397:10: fatal error: ../../build/step5_national_dex.inc: No such file or directory
  397 | #include "../../build/step5_national_dex.inc"
      |          ^~~~~~~~~~~~~~~~~~~~~~~~~~~~~~~~~~~~
compilation terminated.
tools/agbcc/bin/agbcc <flags> -o build/firered/src/battle_anim_ghost.o src/battle_anim_ghost.c
make: *** [Makefile:307: build/firered/src/battle_ai_switch_items.o] Error 1
make: *** Deleting file 'build/firered/src/battle_ai_switch_items.o'
make: *** Waiting for unfinished jobs....
In file included from include/global.h:11,
                 from src/battle_ai_script_commands.c:1:
include/constants/pokedex.h:395: syntax error at end of input
In file included from include/global.h:11,
                 from src/battle_anim_effects_1.c:1:
include/constants/pokedex.h:397:10: fatal error: ../../build/step5_national_dex.inc: No such file or directory
  397 | #include "../../build/step5_national_dex.inc"
      |          ^~~~~~~~~~~~~~~~~~~~~~~~~~~~~~~~~~~~
compilation terminated.
In file included from include/global.h:11,
                 from src/battle_anim.c:1:
include/constants/pokedex.h:397:10: fatal error: ../../build/step5_national_dex.inc: No such file or directory
  397 | #include "../../build/step5_national_dex.inc"
      |          ^~~~~~~~~~~~~~~~~~~~~~~~~~~~~~~~~~~~
compilation terminated.
In file included from include/global.h:11,
                 from src/AgbRfu_LinkManager.c:1:
include/constants/pokedex.h:395: syntax error at end of input
tools/agbcc/bin/agbcc <flags> -o build/firered/src/battle_anim_ice.o src/battle_anim_ice.c
tools/agbcc/bin/agbcc <flags> -o build/firered/src/battle_anim_ground.o src/battle_anim_ground.c
In file included from include/global.h:11,
                 from src/battle_anim_bug.c:1:
include/constants/pokedex.h:395: syntax error at end of input
make: *** [Makefile:308: build/firered/src/battle_ai_script_commands.o] Error 1
make: *** Deleting file 'build/firered/src/battle_ai_script_commands.o'
make: *** [Makefile:308: build/firered/src/battle_anim_bug.o] Error 1
make: *** Deleting file 'build/firered/src/battle_anim_bug.o'
In file included from include/global.h:11,
                 from src/battle_anim_effects_1.c:1:
include/constants/pokedex.h:395: syntax error at end of input
In file included from include/global.h:11,
                 from src/battle_anim_dark.c:1:
include/constants/pokedex.h:395: syntax error at end of input
In file included from include/global.h:11,
                 from src/battle_anim.c:1:
include/constants/pokedex.h:395: syntax error at end of input
make: *** [Makefile:308: build/firered/src/AgbRfu_LinkManager.o] Error 1
make: *** Deleting file 'build/firered/src/AgbRfu_LinkManager.o'
make: *** [Makefile:308: build/firered/src/battle_anim_dark.o] Error 1
make: *** Deleting file 'build/firered/src/battle_anim_dark.o'
In file included from include/global.h:11,
                 from src/battle_anim_effects_2.c:1:
include/constants/pokedex.h:397:10: fatal error: ../../build/step5_national_dex.inc: No such file or directory
  397 | #include "../../build/step5_national_dex.inc"
      |          ^~~~~~~~~~~~~~~~~~~~~~~~~~~~~~~~~~~~
compilation terminated.
make: *** [Makefile:308: build/firered/src/battle_anim_effects_1.o] Error 1
make: *** Deleting file 'build/firered/src/battle_anim_effects_1.o'
make: *** [Makefile:308: build/firered/src/battle_anim.o] Error 1
make: *** Deleting file 'build/firered/src/battle_anim.o'
In file included from include/global.h:11,
                 from src/battle_anim_effects_2.c:1:
include/constants/pokedex.h:395: syntax error at end of input
In file included from include/global.h:11,
                 from src/battle_anim_dragon.c:1:
include/constants/pokedex.h:397:10: fatal error: ../../build/step5_national_dex.inc: No such file or directory
  397 | #include "../../build/step5_national_dex.inc"
      |          ^~~~~~~~~~~~~~~~~~~~~~~~~~~~~~~~~~~~
compilation terminated.
make: *** [Makefile:308: build/firered/src/battle_anim_effects_2.o] Error 1
make: *** Deleting file 'build/firered/src/battle_anim_effects_2.o'
In file included from include/global.h:11,
                 from src/battle_anim_electric.c:1:
include/constants/pokedex.h:397:10: fatal error: ../../build/step5_national_dex.inc: No such file or directory
  397 | #include "../../build/step5_national_dex.inc"
      |          ^~~~~~~~~~~~~~~~~~~~~~~~~~~~~~~~~~~~
compilation terminated.
In file included from include/global.h:11,
                 from src/battle_anim_dragon.c:1:
include/constants/pokedex.h:395: syntax error at end of input
In file included from include/global.h:11,
                 from src/battle_anim_electric.c:1:
include/constants/pokedex.h:395: syntax error at end of input
make: *** [Makefile:307: build/firered/src/battle_anim_dragon.o] Error 1
make: *** Deleting file 'build/firered/src/battle_anim_dragon.o'
In file included from include/global.h:11,
                 from src/battle_anim_fire.c:1:
include/constants/pokedex.h:397:10: fatal error: ../../build/step5_national_dex.inc: No such file or directory
  397 | #include "../../build/step5_national_dex.inc"
      |          ^~~~~~~~~~~~~~~~~~~~~~~~~~~~~~~~~~~~
make: *** [Makefile:307: build/firered/src/battle_anim_electric.o] Error 1
make: *** Deleting file 'build/firered/src/battle_anim_electric.o'
compilation terminated.
In file included from include/global.h:11,
                 from src/battle_anim_fight.c:1:
include/constants/pokedex.h:397:10: fatal error: ../../build/step5_national_dex.inc: No such file or directory
  397 | #include "../../build/step5_national_dex.inc"
      |          ^~~~~~~~~~~~~~~~~~~~~~~~~~~~~~~~~~~~
compilation terminated.
In file included from include/global.h:11,
                 from src/battle_anim_fire.c:1:
include/constants/pokedex.h:395: syntax error at end of input
make: *** [Makefile:307: build/firered/src/battle_anim_fire.o] Error 1
make: *** Deleting file 'build/firered/src/battle_anim_fire.o'
In file included from include/global.h:11,
                 from src/battle_anim_ghost.c:1:
include/constants/pokedex.h:397:10: fatal error: ../../build/step5_national_dex.inc: No such file or directory
  397 | #include "../../build/step5_national_dex.inc"
      |          ^~~~~~~~~~~~~~~~~~~~~~~~~~~~~~~~~~~~
compilation terminated.
In file included from include/global.h:11,
                 from src/battle_anim_ground.c:1:
include/constants/pokedex.h:397:10: fatal error: ../../build/step5_national_dex.inc: No such file or directory
  397 | #include "../../build/step5_national_dex.inc"
      |          ^~~~~~~~~~~~~~~~~~~~~~~~~~~~~~~~~~~~
compilation terminated.
In file included from include/global.h:11,
                 from src/battle_anim_fight.c:1:
include/constants/pokedex.h:395: syntax error at end of input
make: *** [Makefile:307: build/firered/src/battle_anim_fight.o] Error 1
make: *** Deleting file 'build/firered/src/battle_anim_fight.o'
In file included from include/global.h:11,
                 from src/battle_anim_ghost.c:1:
include/constants/pokedex.h:395: syntax error at end of input
In file included from include/global.h:11,
                 from src/battle_anim_ground.c:1:
include/constants/pokedex.h:395: syntax error at end of input
make: *** [Makefile:307: build/firered/src/battle_anim_ghost.o] Error 1
make: *** Deleting file 'build/firered/src/battle_anim_ghost.o'
make: *** [Makefile:307: build/firered/src/battle_anim_ground.o] Error 1
make: *** Deleting file 'build/firered/src/battle_anim_ground.o'
In file included from include/global.h:11,
                 from src/battle_anim_ice.c:1:
include/constants/pokedex.h:397:10: fatal error: ../../build/step5_national_dex.inc: No such file or directory
  397 | #include "../../build/step5_national_dex.inc"
      |          ^~~~~~~~~~~~~~~~~~~~~~~~~~~~~~~~~~~~
compilation terminated.
In file included from include/global.h:11,
                 from src/battle_anim_ice.c:1:
include/constants/pokedex.h:395: syntax error at end of input
make: *** [Makefile:307: build/firered/src/battle_anim_ice.o] Error 1
make: *** Deleting file 'build/firered/src/battle_anim_ice.o'
